
> simplydse@0.0.0 build
> next build

   Γû▓ Next.js 15.5.18
   - Environments: .env.local

   Creating an optimized production build ...
 Γ£ô Compiled successfully in 33.2s
   Linting and checking validity of types ...
   Collecting page data ...
   Generating static pages (0/39) ...
   Generating static pages (9/39) 
   Generating static pages (19/39) 
   Generating static pages (29/39) 
 Γ£ô Generating static pages (39/39)
   Finalizing page optimization ...
   Collecting build traces ...

Route (app)                                 Size  First Load JS
Γöî Γùï /                                    23.2 kB         237 kB
Γö£ Γùï /_not-found                             1 kB         103 kB
Γö£ Γùï /admin                               7.45 kB         309 kB
Γö£ Γùï /admin/analytics                     3.14 kB         169 kB
Γö£ Γùï /admin/announcements                 3.72 kB         115 kB
Γö£ Γùï /admin/audit                         5.16 kB         180 kB
Γö£ Γùï /admin/billing                       3.47 kB         178 kB
Γö£ Γùï /admin/compliance                    9.27 kB         184 kB
Γö£ Γùï /admin/notifications                 4.77 kB         180 kB
Γö£ Γùï /admin/organizations                 6.66 kB         185 kB
Γö£ Γùï /admin/organizations/new              7.3 kB         186 kB
Γö£ Γùï /admin/pricing                       4.94 kB         180 kB
Γö£ Γùï /admin/settings                       4.9 kB         180 kB
Γö£ Γùï /admin/tickets                       4.48 kB         179 kB
Γö£ Γùï /admin/users                         6.73 kB         182 kB
Γö£ Γùï /admin/users/new                     3.13 kB         118 kB
Γö£ Γùï /admin/workflows                     7.38 kB         182 kB
Γö£ ╞Æ /api/assessments/submit                138 B         102 kB
Γö£ ╞Æ /api/generate-assessment-report        138 B         102 kB
Γö£ ╞Æ /auth/callback                         138 B         102 kB
Γö£ Γùï /dashboard                           3.46 kB         291 kB
Γö£ Γùï /dashboard/audit-logs                4.82 kB         180 kB
Γö£ Γùï /dashboard/communications            3.75 kB         115 kB
Γö£ Γùï /dashboard/compliance                5.75 kB         303 kB
Γö£ Γùï /dashboard/documents                 4.49 kB         179 kB
Γö£ Γùï /dashboard/employees                 10.3 kB         229 kB
Γö£ Γùï /dashboard/notifications             4.15 kB         179 kB
Γö£ Γùï /dashboard/profile                   5.25 kB         180 kB
Γö£ Γùï /dashboard/reports                   4.63 kB         180 kB
Γö£ Γùï /dashboard/settings                  5.25 kB         180 kB
Γö£ Γùï /dashboard/workflows                 3.75 kB         115 kB
Γö£ Γùï /employee                            6.34 kB         281 kB
Γö£ ╞Æ /employee/assessment                 8.67 kB         184 kB
Γö£ Γùï /employee/communication              6.03 kB         117 kB
Γö£ Γùï /employee/profile                    4.65 kB         180 kB
Γö£ Γùï /employee/wellness                   6.59 kB         297 kB
Γö£ ╞Æ /login                               4.09 kB         173 kB
Γö£ Γùï /setup-password                      2.93 kB         169 kB
Γöö ╞Æ /setup/admin                           138 B         102 kB
+ First Load JS shared by all             102 kB
  Γö£ chunks/1255-eae4096fb21f1304.js        46 kB
  Γö£ chunks/4bd1b696-100b9d70ed4e49c1.js  54.2 kB
  Γöö other shared chunks (total)          2.02 kB


╞Æ Middleware                             89.8 kB

Γùï  (Static)   prerendered as static content
╞Æ  (Dynamic)  server-rendered on demand

